// Jest Snapshot v1, https://goo.gl/fbAQLP

exports[`Component "Details" component "Details" is mount 1`] = `undefined`;
