// Jest Snapshot v1, https://goo.gl/fbAQLP

exports[`Component "List" is mount 1`] = `
<div>
  <div
    className="MuiGrid-root-3 makeStyles-root-1 MuiGrid-container-4"
  />
</div>
`;
